[nhat9.vip/index.html]
[backblue.gif]
[fade.gif]
[index.html]
[nhat9.vip/apple-icon.png]
[nhat9.vip/build/style.minbc3e.css]
[nhat9.vip/build/apphd.min8ee2.js]
[nhat9.vip/images/logoba72.png]
[nhat9.vip/images/tab-dangkyba72.png]
[nhat9.vip/get-captcha.png]
[nhat9.vip/images/btn-dangkyba72.webp]
[nhat9.vip/images/btn-play-webba72.webp]
[nhat9.vip/images/seo/nhatvip-thien-duong-co-bac-hang-dau-viet-namba72.webp]
[nhat9.vip/images/seo/gioi-thieu-ve-nhatvip-apkba72.webp]
[nhat9.vip/images/seo/huong-dan-dang-ky-nhatvip-co-banba72.webp]
[nhat9.vip/images/seo/quy-trinh-dang-nhap-nhatvip-don-gianba72.webp]
[nhat9.vip/images/seo/thuong-hieu-giai-tri-duoc-nhieu-nguoi-biet-denba72.webp]
[nhat9.vip/images/seo/giao-dien-nhatvip-sinh-dong-cuon-hutba72.webp]
[nhat9.vip/images/seo/kho-game-nhatvip-chat-luong-caoba72.webp]
[nhat9.vip/images/seo/chinh-sach-bao-mat-nhatvip-an-toan-tuyet-doiba72.webp]
[nhat9.vip/images/seo/minigames-nhatvip-vo-cung-hap-danba72.webp]
[nhat9.vip/images/seo/slot-game-nhatvip-soi-dong-da-dang-sac-mauba72.webp]
[nhat9.vip/images/seo/game-bai-nhatvip-chat-luong-tam-co-quoc-teba72.webp]
[nhat9.vip/images/seo/game-ban-ca-nhatvip-chan-thuc-thoi-thuongba72.webp]
[nhat9.vip/images/seo/sanh-live-casino-voi-nhieu-san-pham-tuyet-voiba72.webp]
[nhat9.vip/images/seo/dat-cuoc-lo-de-vo-cung-hap-danba72.webp]
[nhat9.vip/images/seo/the-thao-nhatvip-noi-hoi-tu-cao-thu-ca-do-bong-daba72.webp]
[nhat9.vip/images/seo/nap-tien-ngan-hang-nhatvip-nhanh-chongba72.webp]
[nhat9.vip/images/seo/nap-tien-usdt-nhatvip-nhanh-chong-tien-loiba72.webp]
[nhat9.vip/images/seo/nap-tien-the-cao-dien-thoai-nhatvip-nhieu-uu-dai-hap-danba72.webp]
[nhat9.vip/images/seo/nap-tien-codepay-nhatvip-an-toan-dang-tin-cayba72.webp]
[nhat9.vip/images/seo/rut-tien-qua-atm-nhatvip-don-gian-nhanh-chongba72.webp]
[nhat9.vip/images/seo/rut-tien-the-cao-nhatvip-khong-qua-cau-kyba72.webp]
[nhat9.vip/images/seo/thao-tac-tai-ung-dung-nhatvip-nhanh-chong-tren-di-dongba72.webp]
[nhat9.vip/images/seo/khuyen-mai-nhatvip-vo-cung-hap-danba72.webp]
[nhat9.vip/images/slider1ba72.png]
[nhat9.vip/images/slider2ba72.png]
[nhat9.vip/images/slider3ba72.png]
[nhat9.vip/images/logo-ftba72.png]
[nhat9.vip/images/chungnhanba72.png]
[nhat9.vip/images/loading.gif]
[nhat9.vip/images/icon-closeba72.png]
[nhat9.vip/build/app.min4bc0.js]
[nhat9.vip/index.html]
[nhat9.vip/build/lc.minba72.js]
[nhat9.vip/webfonts/fa-brands-400.eot]
[nhat9.vip/webfonts/fa-brands-400d41d.eot]
[nhat9.vip/webfonts/fa-brands-400.woff2]
[nhat9.vip/webfonts/fa-brands-400.woff]
[nhat9.vip/webfonts/fa-brands-400.ttf]
[nhat9.vip/webfonts/fa-brands-400.svg]
[nhat9.vip/webfonts/fa-regular-400.eot]
[nhat9.vip/webfonts/fa-regular-400d41d.eot]
[nhat9.vip/webfonts/fa-regular-400.woff2]
[nhat9.vip/webfonts/fa-regular-400.woff]
[nhat9.vip/webfonts/fa-regular-400.ttf]
[nhat9.vip/webfonts/fa-regular-400.svg]
[nhat9.vip/webfonts/fa-solid-900.eot]
[nhat9.vip/webfonts/fa-solid-900d41d.eot]
[nhat9.vip/webfonts/fa-solid-900.woff2]
[nhat9.vip/webfonts/fa-solid-900.woff]
[nhat9.vip/webfonts/fa-solid-900.ttf]
[nhat9.vip/webfonts/fa-solid-900.svg]
[nhat9.vip/images/bg74e5.jpg]
[nhat9.vip/images/bg-form74e5.webp]
[nhat9.vip/images/icon-phone74e5.png]
[nhat9.vip/images/icon-fb74e5.png]
[nhat9.vip/images/icon-tele74e5.png]
[nhat9.vip/images/icon-livechat74e5.png]
[nhat9.vip/images/line-btn74e5.png]
[nhat9.vip/images/bg-form74e5.png]
[nhat9.vip/images/icon-check74e5.png]
[nhat9.vip/images/bgiframes74e5.jpg]
[nhat9.vip/images/icon-dowloadapp74e5.png]
[nhat9.vip/images/icon-chat-mb74e5.png]
[nhat9.vip/images/icon-fb-mb74e5.png]
[nhat9.vip/images/icon-tele-mb74e5.png]
[nhat9.vip/images/bg-mobile74e5.jpg]
[nhat9.vip/images/icon-phone-mb74e5.png]
[nhat9.vip/images/ftline74e5.png]
[nhat9.vip/images/icon-fb-ft74e5.png]
[nhat9.vip/images/icon-tele-ft74e5.png]
[nhat9.vip/images/bg-linkchinhhang74e5.png]
[nhat9.vip/images/icon-dowapp274e5.png]
[nhat9.vip/images/ftline-mb74e5.png]
[nhat9.vip/images/bg-content-games.png]
[nhat9.vip/build/style.minbc3e.css]
[www.googletagmanager.com/gtm5445.html]
[nhat9.vip/webfonts/fa-brands-400.svg]
[nhat9.vip/webfonts/fa-regular-400.svg]
[nhat9.vip/webfonts/fa-solid-900.svg]
[nhat9.vip/images/icon-phone74e5.html]
[nhat9.vip/images/line-btn74e5.html]
[nhat9.vip/images/bg-form74e5.html]
[nhat9.vip/images/ftline74e5.html]
[nhat9.vip/images/icon-fb-ft74e5.html]
[nhat9.vip/images/icon-tele-ft74e5.html]
[nhat9.vip/images/ftline-mb74e5.html]
